%!Adobe-FontList 1.23
%Locale:0x409

%BeginFont
Handler:DirectoryHandler
FontType:Invalid
OutlineFileName:/Users/mary/Desktop/GWDS 22_23/SEMESTER 1/CARP TASK/A3 poster redesign Folder/Document fonts/AdobeFnt23.lst
FileLength:1212
FileModTime:687190494
%EndFont

%BeginFont
Handler:DirectoryHandler
FontType:TrueType
FontName:DINCondensed-Bold
FamilyName:DIN Condensed
StyleName:Bold
MenuName:DIN Condensed
StyleBits:2
WeightClass:700
WidthClass:3
AngleClass:0
FullName:DIN Condensed Bold
WritingScript:Roman
OutlineFileName:/Users/mary/Desktop/GWDS 22_23/SEMESTER 1/CARP TASK/A3 poster redesign Folder/Document fonts/DIN Condensed Bold.ttf
DataFormat:sfntData
hasSVG:no
VariableFontType:NonVariableFont
FileLength:211644
FileModTime:687190493
NameArray:0,Mac,18,DIN Condensed Bold
NameArray:0,Mac,4,DIN Condensed Bold
NameArray:0,Win,1,DIN Condensed
%EndFont

%BeginFont
Handler:DirectoryHandler
FontType:TrueType
FontName:TimesNewRomanPS-BoldMT
FamilyName:Times New Roman
StyleName:Bold
MenuName:Times New Roman
StyleBits:2
WeightClass:700
WidthClass:5
AngleClass:0
FullName:Times New Roman Bold
WritingScript:Roman
OutlineFileName:/Users/mary/Desktop/GWDS 22_23/SEMESTER 1/CARP TASK/A3 poster redesign Folder/Document fonts/Times New Roman Bold.ttf
DataFormat:sfntData
hasSVG:no
VariableFontType:NonVariableFont
FileLength:842168
FileModTime:687190493
NameArray:0,Mac,4,Times New Roman Bold
NameArray:0,Win,1,Times New Roman
%EndFont

